exports[`<Nav /> renders correctly 1`] = `
<div
  className="b-page">
  <h1
    className="title">
    Test board 1
  </h1>
  <div
    className="box b-board" />
</div>
`;
